// Jest Snapshot v1, https://goo.gl/fbAQLP

exports[`LoginErrorMessage Component Render OK with message 1`] = `
<div
  className="login-error-message"
>
  <div
    style={
      Object {
        "WebkitTapHighlightColor": "rgba(0,0,0,0)",
        "backgroundColor": "#ffffff",
        "borderRadius": 2,
        "boxShadow": "0 1px 6px rgba(0, 0, 0, 0.12),
         0 1px 4px rgba(0, 0, 0, 0.12)",
        "boxSizing": "border-box",
        "color": "rgba(0, 0, 0, 0.87)",
        "fontFamily": "Roboto, sans-serif",
        "muiPrepared": true,
        "transition": "all 450ms cubic-bezier(0.23, 1, 0.32, 1) 0ms",
      }
    }
  >
    <div
      className="error-page"
    >
      <div
        className="title"
      >
        5
        <span>
          <svg
            onMouseEnter={[Function]}
            onMouseLeave={[Function]}
            style={
              Object {
                "color": "rgba(0, 0, 0, 0.87)",
                "display": "inline-block",
                "fill": "currentColor",
                "height": 45,
                "muiPrepared": true,
                "transition": "all 450ms cubic-bezier(0.23, 1, 0.32, 1) 0ms",
                "userSelect": "none",
                "verticalAlign": "bottom",
                "width": 45,
              }
            }
            viewBox="0 0 24 24"
          >
            <path
              d="M12 2C6.48 2 2 6.48 2 12s4.48 10 10 10 10-4.48 10-10S17.52 2 12 2zm1 15h-2v-2h2v2zm0-4h-2V7h2v6z"
            />
          </svg>
        </span>
        0
      </div>
      <h4
        className="message"
      >
        Mensaje de error para testing.
      </h4>
    </div>
  </div>
</div>
`;

exports[`LoginErrorMessage Component Render OK with onlyMessage enabled 1`] = `
<div
  className="login-error-message"
>
  <h2>
    Mensaje de error para testing.
  </h2>
</div>
`;
