// Jest Snapshot v1, https://goo.gl/fbAQLP

exports[`NotificationAlert Component render component correctly 1`] = `ShallowWrapper {}`;
